C:\Users\tscortes\Documents\wrokspace\flem-util\src\main\java\br\org\flem\util\helper\CoreUtil.java
C:\Users\tscortes\Documents\wrokspace\flem-util\src\main\java\br\org\flem\util\UtilApplication.java
C:\Users\tscortes\Documents\wrokspace\flem-util\src\main\java\br\org\flem\util\helper\FileUtil.java
C:\Users\tscortes\Documents\wrokspace\flem-util\src\main\java\br\org\flem\util\controller\UtilController.java
C:\Users\tscortes\Documents\wrokspace\flem-util\src\main\java\br\org\flem\util\helper\ReportUtil.java
C:\Users\tscortes\Documents\wrokspace\flem-util\src\main\java\br\org\flem\util\helper\NumberUtil.java
C:\Users\tscortes\Documents\wrokspace\flem-util\src\main\java\br\org\flem\util\helper\StringUtil.java
C:\Users\tscortes\Documents\wrokspace\flem-util\src\main\java\br\org\flem\util\service\FileStorageService.java
C:\Users\tscortes\Documents\wrokspace\flem-util\src\main\java\br\org\flem\util\conts\FileType.java
C:\Users\tscortes\Documents\wrokspace\flem-util\src\main\java\br\org\flem\util\helper\EmailUtil.java
C:\Users\tscortes\Documents\wrokspace\flem-util\src\main\java\br\org\flem\util\helper\DateUtil.java
